// Vitest Snapshot v1, https://vitest.dev/guide/snapshot.html

exports[`Wheel > matches snapshot 1`] = `
<div
  class="relative select-none overflow-hidden rounded-full cursor-grab active:cursor-grabbing"
  style="width: 400px; padding-top: 400px; clip-path: circle(50%); transform: rotate(0deg); filter: blur(0); will-change: auto;"
>
  <div
    class="absolute top-0 box-border size-full text-right text-black"
    data-testid="wheel-segment"
    style="background-color: rgb(255, 0, 0); transform: rotate(-90deg) rotate(90deg) rotate(0deg); transform-origin: 50% 50%; clip-path: polygon(100% 0, 100% 100%, 50% 100%, 50% 0);"
  >
    <div
      class="absolute right-5 top-1/2 text-right"
      data-testid="wheel-segment-name"
      style="color: rgb(255, 255, 255); transform-origin: right center; transform: translateY(-50%);"
    >
      Segment 1
    </div>
  </div>
  <div
    class="absolute top-0 box-border size-full text-right text-black"
    data-testid="wheel-segment"
    style="background-color: rgb(0, 255, 0); transform: rotate(-90deg) rotate(90deg) rotate(180deg); transform-origin: 50% 50%; clip-path: polygon(100% 0, 100% 100%, 50% 100%, 50% 0);"
  >
    <div
      class="absolute right-5 top-1/2 text-right"
      data-testid="wheel-segment-name"
      style="color: rgb(0, 0, 0); transform-origin: right center; transform: translateY(-50%);"
    >
      Segment 2
    </div>
  </div>
  <div
    class="absolute left-0 top-0 size-full"
    style="mask-image: radial-gradient(transparent 10%, black 50%); will-change: auto;"
  />
</div>
`;
